[debug] [2026-02-09T11:45:55.265Z] ----------------------------------------------------------------------
[debug] [2026-02-09T11:45:55.267Z] Command:       /usr/local/bin/node /Users/kartshah/Desktop/Kartik/personal/physiatrix-pwa/medical-practice-pwa/node_modules/.bin/firebase init firestore
[debug] [2026-02-09T11:45:55.267Z] CLI Version:   15.5.1
[debug] [2026-02-09T11:45:55.267Z] Platform:      darwin
[debug] [2026-02-09T11:45:55.267Z] Node Version:  v22.18.0
[debug] [2026-02-09T11:45:55.267Z] Time:          Mon Feb 09 2026 17:15:55 GMT+0530 (India Standard Time)
[debug] [2026-02-09T11:45:55.267Z] ----------------------------------------------------------------------
[debug] 
[info] 
     ######## #### ########  ######## ########     ###     ######  ########
     ##        ##  ##     ## ##       ##     ##  ##   ##  ##       ##
     ######    ##  ########  ######   ########  #########  ######  ######
     ##        ##  ##    ##  ##       ##     ## ##     ##       ## ##
     ##       #### ##     ## ######## ########  ##     ##  ######  ########

You're about to initialize a Firebase project in this directory:

  /Users/kartshah/Desktop/Kartik/personal/physiatrix-pwa/medical-practice-pwa/public

[info] 
=== Project Setup
[info] 
[info] First, let's associate this project directory with a Firebase project.
[info] You can create multiple project aliases by running firebase use --add, 
[info] 
[debug] [2026-02-09T11:46:25.117Z] > command requires scopes: ["email","openid","https://www.googleapis.com/auth/cloudplatformprojects.readonly","https://www.googleapis.com/auth/firebase","https://www.googleapis.com/auth/cloud-platform"]
[debug] [2026-02-09T11:46:25.117Z] > authorizing via signed-in user (shahkartik.03@gmail.com)
[debug] [2026-02-09T11:46:25.119Z] Checked if tokens are valid: true, expires at: 1770641139028
[debug] [2026-02-09T11:46:25.119Z] Checked if tokens are valid: true, expires at: 1770641139028
[debug] [2026-02-09T11:46:25.119Z] >>> [apiv2][query] GET https://firebase.googleapis.com/v1beta1/projects pageSize=100
[debug] [2026-02-09T11:46:26.010Z] <<< [apiv2][status] GET https://firebase.googleapis.com/v1beta1/projects 200
[debug] [2026-02-09T11:46:26.010Z] <<< [apiv2][body] GET https://firebase.googleapis.com/v1beta1/projects [omitted]
[debug] [2026-02-09T11:50:27.356Z] ExitPromptError: User force closed the prompt with SIGINT
    at Interface.sigint (/Users/kartshah/Desktop/Kartik/personal/physiatrix-pwa/medical-practice-pwa/node_modules/@inquirer/core/dist/commonjs/lib/create-prompt.js:101:37)
    at Interface.emit (node:events:518:28)
    at [_ttyWrite] [as _ttyWrite] (node:internal/readline/interface:1132:18)
    at ReadStream.onkeypress (node:internal/readline/interface:271:20)
    at ReadStream.emit (node:events:530:35)
    at emitKeys (node:internal/readline/utils:370:14)
    at emitKeys.next (<anonymous>)
    at ReadStream.onData (node:internal/readline/emitKeypressEvents:64:36)
    at ReadStream.emit (node:events:518:28)
    at addChunk (node:internal/streams/readable:561:12)
[error] 
[error] Error: An unexpected error has occurred.
